<html>
<body>
<pre>
<h1>µVision Build Log</h1>
<h2>Tool Versions:</h2>
IDE-Version: ÂµVision V5.38.0.0
Copyright (C) 2022 ARM Ltd and ARM Germany GmbH. All rights reserved.
License Information: thai nguyen tran quoc, IU, LIC=UJWP0-B81CQ-63JMB-235D3-1RV7M-4DX9X
 
Tool Versions:
Toolchain:       MDK-ARM Plus  Version: 5.38.0.0
Toolchain Path:  C:\Keil_v5\ARM\ARMCLANG\Bin
C Compiler:      ArmClang.exe V6.19
Assembler:       Armasm.exe V6.19
Linker/Locator:  ArmLink.exe V6.19
Library Manager: ArmAr.exe V6.19
Hex Converter:   FromElf.exe V6.19
CPU DLL:         SARMCM3.DLL V5.38.0.0
Dialog DLL:      DCM.DLL V1.17.5.0
Target DLL:      UL2CM3.DLL V1.164.8.0
Dialog DLL:      TCM.DLL V1.56.4.0
 
<h2>Project:</h2>
C:\Users\thebl\Desktop\ES\Lab4\Ex4\Ex4.uvprojx
Project File Date:  04/28/2025

<h2>Output:</h2>
*** Using Compiler 'V6.19', folder: 'C:\Keil_v5\ARM\ARMCLANG\Bin'
Rebuild target 'Target 1'
GPIO.c(1): warning: In file included from...
./GPIO.h(8): warning: // comments are not allowed in this language [-Wcomment]
#endif // GPIO_H
       ^
GPIO.c(2): warning: In file included from...
C:/Users/thebl/AppData/Local/Arm/Packs/Keil/LPC1700_DFP/2.7.2/Device/Include\LPC17xx.h(90): warning: commas at the end of enumerator lists are a C99-specific feature [-Wc99-extensions]
  CANActivity_IRQn              = 34,       /*!< CAN Activity Interrupt                                                   */
                                    ^~
C:/Users/thebl/AppData/Local/Arm/Packs/Keil/LPC1700_DFP/2.7.2/Device/Include\LPC17xx.h(200): warning: anonymous structs are a C11 extension [-Wc11-extensions]
    struct {
    ^
C:/Users/thebl/AppData/Local/Arm/Packs/Keil/LPC1700_DFP/2.7.2/Device/Include\LPC17xx.h(204): warning: anonymous structs are a C11 extension [-Wc11-extensions]
    struct {
    ^
C:/Users/thebl/AppData/Local/Arm/Packs/Keil/LPC1700_DFP/2.7.2/Device/Include\LPC17xx.h(198): warning: anonymous unions are a C11 extension [-Wc11-extensions]
  union {
  ^
C:/Users/thebl/AppData/Local/Arm/Packs/Keil/LPC1700_DFP/2.7.2/Device/Include\LPC17xx.h(214): warning: anonymous structs are a C11 extension [-Wc11-extensions]
    struct {
    ^
C:/Users/thebl/AppData/Local/Arm/Packs/Keil/LPC1700_DFP/2.7.2/Device/Include\LPC17xx.h(218): warning: anonymous structs are a C11 extension [-Wc11-extensions]
    struct {
    ^
C:/Users/thebl/AppData/Local/Arm/Packs/Keil/LPC1700_DFP/2.7.2/Device/Include\LPC17xx.h(212): warning: anonymous unions are a C11 extension [-Wc11-extensions]
  union {
  ^
C:/Users/thebl/AppData/Local/Arm/Packs/Keil/LPC1700_DFP/2.7.2/Device/Include\LPC17xx.h(227): warning: anonymous structs are a C11 extension [-Wc11-extensions]
    struct {
    ^
C:/Users/thebl/AppData/Local/Arm/Packs/Keil/LPC1700_DFP/2.7.2/Device/Include\LPC17xx.h(231): warning: anonymous structs are a C11 extension [-Wc11-extensions]
    struct {
    ^
C:/Users/thebl/AppData/Local/Arm/Packs/Keil/LPC1700_DFP/2.7.2/Device/Include\LPC17xx.h(225): warning: anonymous unions are a C11 extension [-Wc11-extensions]
  union {
  ^
C:/Users/thebl/AppData/Local/Arm/Packs/Keil/LPC1700_DFP/2.7.2/Device/Include\LPC17xx.h(240): warning: anonymous structs are a C11 extension [-Wc11-extensions]
    struct {
    ^
C:/Users/thebl/AppData/Local/Arm/Packs/Keil/LPC1700_DFP/2.7.2/Device/Include\LPC17xx.h(244): warning: anonymous structs are a C11 extension [-Wc11-extensions]
    struct {
    ^
C:/Users/thebl/AppData/Local/Arm/Packs/Keil/LPC1700_DFP/2.7.2/Device/Include\LPC17xx.h(238): warning: anonymous unions are a C11 extension [-Wc11-extensions]
  union {
  ^
C:/Users/thebl/AppData/Local/Arm/Packs/Keil/LPC1700_DFP/2.7.2/Device/Include\LPC17xx.h(253): warning: anonymous structs are a C11 extension [-Wc11-extensions]
    struct {
    ^
C:/Users/thebl/AppData/Local/Arm/Packs/Keil/LPC1700_DFP/2.7.2/Device/Include\LPC17xx.h(257): warning: anonymous structs are a C11 extension [-Wc11-extensions]
    struct {
    ^
C:/Users/thebl/AppData/Local/Arm/Packs/Keil/LPC1700_DFP/2.7.2/Device/Include\LPC17xx.h(251): warning: anonymous unions are a C11 extension [-Wc11-extensions]
  union {
  ^
C:/Users/thebl/AppData/Local/Arm/Packs/Keil/LPC1700_DFP/2.7.2/Device/Include\LPC17xx.h(339): warning: anonymous unions are a C11 extension [-Wc11-extensions]
  union {
  ^
C:/Users/thebl/AppData/Local/Arm/Packs/Keil/LPC1700_DFP/2.7.2/Device/Include\LPC17xx.h(345): warning: anonymous unions are a C11 extension [-Wc11-extensions]
  union {
  ^
C:/Users/thebl/AppData/Local/Arm/Packs/Keil/LPC1700_DFP/2.7.2/Device/Include\LPC17xx.h(349): warning: anonymous unions are a C11 extension [-Wc11-extensions]
  union {
  ^
C:/Users/thebl/AppData/Local/Arm/Packs/Keil/LPC1700_DFP/2.7.2/Device/Include\LPC17xx.h(371): warning: anonymous unions are a C11 extension [-Wc11-extensions]
  union {
  ^
C:/Users/thebl/AppData/Local/Arm/Packs/Keil/LPC1700_DFP/2.7.2/Device/Include\LPC17xx.h(377): warning: anonymous unions are a C11 extension [-Wc11-extensions]
  union {
  ^
C:/Users/thebl/AppData/Local/Arm/Packs/Keil/LPC1700_DFP/2.7.2/Device/Include\LPC17xx.h(382): warning: anonymous unions are a C11 extension [-Wc11-extensions]
  union {
  ^
C:/Users/thebl/AppData/Local/Arm/Packs/Keil/LPC1700_DFP/2.7.2/Device/Include\LPC17xx.h(833): warning: anonymous unions are a C11 extension [-Wc11-extensions]
  union {
  ^
C:/Users/thebl/AppData/Local/Arm/Packs/Keil/LPC1700_DFP/2.7.2/Device/Include\LPC17xx.h(843): warning: anonymous unions are a C11 extension [-Wc11-extensions]
  union {
  ^
C:/Users/thebl/AppData/Local/Arm/Packs/Keil/LPC1700_DFP/2.7.2/Device/Include\LPC17xx.h(847): warning: anonymous unions are a C11 extension [-Wc11-extensions]
  union {
  ^
C:/Users/thebl/AppData/Local/Arm/Packs/Keil/LPC1700_DFP/2.7.2/Device/Include\LPC17xx.h(1048): warning: // comments are not allowed in this language [-Wcomment]
#endif  // __LPC17xx_H__
        ^
GPIO.c(5): warning: implicit conversion changes signedness: 'int' to 'unsigned int' [-Wsign-conversion]
    LPC_GPIO1->FIODIR &= ~(0xF << 23);
                      ~~ ^~~~~~~~~~~~
GPIO.c(6): warning: signed shift result (0x80000000) sets the sign bit of the shift expression's type ('int') and becomes negative [-Wshift-sign-overflow]
    LPC_GPIO1->FIODIR |= (1<<28) | (1<<29) | (1<<31);
                                              ~^ ~~
GPIO.c(6): warning: implicit conversion changes signedness: 'int' to 'unsigned int' [-Wsign-conversion]
    LPC_GPIO1->FIODIR |= (1<<28) | (1<<29) | (1<<31);
                      ~~ ~~~~~~~~~~~~~~~~~~^~~~~~~~~
30 warnings generated.
compiling GPIO.c...
ADC.c(2): warning: In file included from...
C:/Users/thebl/AppData/Local/Arm/Packs/Keil/LPC1700_DFP/2.7.2/Device/Include\LPC17xx.h(90): warning: commas at the end of enumerator lists are a C99-specific feature [-Wc99-extensions]
  CANActivity_IRQn              = 34,       /*!< CAN Activity Interrupt                                                   */
                                    ^~
C:/Users/thebl/AppData/Local/Arm/Packs/Keil/LPC1700_DFP/2.7.2/Device/Include\LPC17xx.h(200): warning: anonymous structs are a C11 extension [-Wc11-extensions]
    struct {
    ^
C:/Users/thebl/AppData/Local/Arm/Packs/Keil/LPC1700_DFP/2.7.2/Device/Include\LPC17xx.h(204): warning: anonymous structs are a C11 extension [-Wc11-extensions]
    struct {
    ^
C:/Users/thebl/AppData/Local/Arm/Packs/Keil/LPC1700_DFP/2.7.2/Device/Include\LPC17xx.h(198): warning: anonymous unions are a C11 extension [-Wc11-extensions]
  union {
  ^
C:/Users/thebl/AppData/Local/Arm/Packs/Keil/LPC1700_DFP/2.7.2/Device/Include\LPC17xx.h(214): warning: anonymous structs are a C11 extension [-Wc11-extensions]
    struct {
    ^
C:/Users/thebl/AppData/Local/Arm/Packs/Keil/LPC1700_DFP/2.7.2/Device/Include\LPC17xx.h(218): warning: anonymous structs are a C11 extension [-Wc11-extensions]
    struct {
    ^
C:/Users/thebl/AppData/Local/Arm/Packs/Keil/LPC1700_DFP/2.7.2/Device/Include\LPC17xx.h(212): warning: anonymous unions are a C11 extension [-Wc11-extensions]
  union {
  ^
C:/Users/thebl/AppData/Local/Arm/Packs/Keil/LPC1700_DFP/2.7.2/Device/Include\LPC17xx.h(227): warning: anonymous structs are a C11 extension [-Wc11-extensions]
    struct {
    ^
C:/Users/thebl/AppData/Local/Arm/Packs/Keil/LPC1700_DFP/2.7.2/Device/Include\LPC17xx.h(231): warning: anonymous structs are a C11 extension [-Wc11-extensions]
    struct {
    ^
C:/Users/thebl/AppData/Local/Arm/Packs/Keil/LPC1700_DFP/2.7.2/Device/Include\LPC17xx.h(225): warning: anonymous unions are a C11 extension [-Wc11-extensions]
  union {
  ^
C:/Users/thebl/AppData/Local/Arm/Packs/Keil/LPC1700_DFP/2.7.2/Device/Include\LPC17xx.h(240): warning: anonymous structs are a C11 extension [-Wc11-extensions]
    struct {
    ^
C:/Users/thebl/AppData/Local/Arm/Packs/Keil/LPC1700_DFP/2.7.2/Device/Include\LPC17xx.h(244): warning: anonymous structs are a C11 extension [-Wc11-extensions]
    struct {
    ^
C:/Users/thebl/AppData/Local/Arm/Packs/Keil/LPC1700_DFP/2.7.2/Device/Include\LPC17xx.h(238): warning: anonymous unions are a C11 extension [-Wc11-extensions]
  union {
  ^
C:/Users/thebl/AppData/Local/Arm/Packs/Keil/LPC1700_DFP/2.7.2/Device/Include\LPC17xx.h(253): warning: anonymous structs are a C11 extension [-Wc11-extensions]
    struct {
    ^
C:/Users/thebl/AppData/Local/Arm/Packs/Keil/LPC1700_DFP/2.7.2/Device/Include\LPC17xx.h(257): warning: anonymous structs are a C11 extension [-Wc11-extensions]
    struct {
    ^
C:/Users/thebl/AppData/Local/Arm/Packs/Keil/LPC1700_DFP/2.7.2/Device/Include\LPC17xx.h(251): warning: anonymous unions are a C11 extension [-Wc11-extensions]
  union {
  ^
C:/Users/thebl/AppData/Local/Arm/Packs/Keil/LPC1700_DFP/2.7.2/Device/Include\LPC17xx.h(339): warning: anonymous unions are a C11 extension [-Wc11-extensions]
  union {
  ^
C:/Users/thebl/AppData/Local/Arm/Packs/Keil/LPC1700_DFP/2.7.2/Device/Include\LPC17xx.h(345): warning: anonymous unions are a C11 extension [-Wc11-extensions]
  union {
  ^
C:/Users/thebl/AppData/Local/Arm/Packs/Keil/LPC1700_DFP/2.7.2/Device/Include\LPC17xx.h(349): warning: anonymous unions are a C11 extension [-Wc11-extensions]
  union {
  ^
C:/Users/thebl/AppData/Local/Arm/Packs/Keil/LPC1700_DFP/2.7.2/Device/Include\LPC17xx.h(371): warning: anonymous unions are a C11 extension [-Wc11-extensions]
  union {
  ^
C:/Users/thebl/AppData/Local/Arm/Packs/Keil/LPC1700_DFP/2.7.2/Device/Include\LPC17xx.h(377): warning: anonymous unions are a C11 extension [-Wc11-extensions]
  union {
  ^
C:/Users/thebl/AppData/Local/Arm/Packs/Keil/LPC1700_DFP/2.7.2/Device/Include\LPC17xx.h(382): warning: anonymous unions are a C11 extension [-Wc11-extensions]
  union {
  ^
C:/Users/thebl/AppData/Local/Arm/Packs/Keil/LPC1700_DFP/2.7.2/Device/Include\LPC17xx.h(833): warning: anonymous unions are a C11 extension [-Wc11-extensions]
  union {
  ^
C:/Users/thebl/AppData/Local/Arm/Packs/Keil/LPC1700_DFP/2.7.2/Device/Include\LPC17xx.h(843): warning: anonymous unions are a C11 extension [-Wc11-extensions]
  union {
  ^
C:/Users/thebl/AppData/Local/Arm/Packs/Keil/LPC1700_DFP/2.7.2/Device/Include\LPC17xx.h(847): warning: anonymous unions are a C11 extension [-Wc11-extensions]
  union {
  ^
C:/Users/thebl/AppData/Local/Arm/Packs/Keil/LPC1700_DFP/2.7.2/Device/Include\LPC17xx.h(1048): warning: // comments are not allowed in this language [-Wcomment]
#endif  // __LPC17xx_H__
        ^
ADC.c(4): warning: In file included from...
./UART.h(16): warning: // comments are not allowed in this language [-Wcomment]
#define BUFFER_SIZE                     0x40  // 64 bytes
                                              ^
ADC.c(24): warning: implicit conversion changes signedness: 'uint32_t' (aka 'unsigned int') to 'int' [-Wsign-conversion]
    return result;
    ~~~~~~ ^~~~~~
ADC.c(33): warning: // comments are not allowed in this language [-Wcomment]
    //UART_Send(valueStr, strlen(valueStr));
    ^
29 warnings generated.
compiling ADC.c...
UART.c(1): warning: In file included from...
C:/Users/thebl/AppData/Local/Arm/Packs/Keil/LPC1700_DFP/2.7.2/Device/Include\LPC17xx.h(90): warning: commas at the end of enumerator lists are a C99-specific feature [-Wc99-extensions]
  CANActivity_IRQn              = 34,       /*!< CAN Activity Interrupt                                                   */
                                    ^~
C:/Users/thebl/AppData/Local/Arm/Packs/Keil/LPC1700_DFP/2.7.2/Device/Include\LPC17xx.h(200): warning: anonymous structs are a C11 extension [-Wc11-extensions]
    struct {
    ^
C:/Users/thebl/AppData/Local/Arm/Packs/Keil/LPC1700_DFP/2.7.2/Device/Include\LPC17xx.h(204): warning: anonymous structs are a C11 extension [-Wc11-extensions]
    struct {
    ^
C:/Users/thebl/AppData/Local/Arm/Packs/Keil/LPC1700_DFP/2.7.2/Device/Include\LPC17xx.h(198): warning: anonymous unions are a C11 extension [-Wc11-extensions]
  union {
  ^
C:/Users/thebl/AppData/Local/Arm/Packs/Keil/LPC1700_DFP/2.7.2/Device/Include\LPC17xx.h(214): warning: anonymous structs are a C11 extension [-Wc11-extensions]
    struct {
    ^
C:/Users/thebl/AppData/Local/Arm/Packs/Keil/LPC1700_DFP/2.7.2/Device/Include\LPC17xx.h(218): warning: anonymous structs are a C11 extension [-Wc11-extensions]
    struct {
    ^
C:/Users/thebl/AppData/Local/Arm/Packs/Keil/LPC1700_DFP/2.7.2/Device/Include\LPC17xx.h(212): warning: anonymous unions are a C11 extension [-Wc11-extensions]
  union {
  ^
C:/Users/thebl/AppData/Local/Arm/Packs/Keil/LPC1700_DFP/2.7.2/Device/Include\LPC17xx.h(227): warning: anonymous structs are a C11 extension [-Wc11-extensions]
    struct {
    ^
C:/Users/thebl/AppData/Local/Arm/Packs/Keil/LPC1700_DFP/2.7.2/Device/Include\LPC17xx.h(231): warning: anonymous structs are a C11 extension [-Wc11-extensions]
    struct {
    ^
C:/Users/thebl/AppData/Local/Arm/Packs/Keil/LPC1700_DFP/2.7.2/Device/Include\LPC17xx.h(225): warning: anonymous unions are a C11 extension [-Wc11-extensions]
  union {
  ^
C:/Users/thebl/AppData/Local/Arm/Packs/Keil/LPC1700_DFP/2.7.2/Device/Include\LPC17xx.h(240): warning: anonymous structs are a C11 extension [-Wc11-extensions]
    struct {
    ^
C:/Users/thebl/AppData/Local/Arm/Packs/Keil/LPC1700_DFP/2.7.2/Device/Include\LPC17xx.h(244): warning: anonymous structs are a C11 extension [-Wc11-extensions]
    struct {
    ^
C:/Users/thebl/AppData/Local/Arm/Packs/Keil/LPC1700_DFP/2.7.2/Device/Include\LPC17xx.h(238): warning: anonymous unions are a C11 extension [-Wc11-extensions]
  union {
  ^
C:/Users/thebl/AppData/Local/Arm/Packs/Keil/LPC1700_DFP/2.7.2/Device/Include\LPC17xx.h(253): warning: anonymous structs are a C11 extension [-Wc11-extensions]
    struct {
    ^
C:/Users/thebl/AppData/Local/Arm/Packs/Keil/LPC1700_DFP/2.7.2/Device/Include\LPC17xx.h(257): warning: anonymous structs are a C11 extension [-Wc11-extensions]
    struct {
    ^
C:/Users/thebl/AppData/Local/Arm/Packs/Keil/LPC1700_DFP/2.7.2/Device/Include\LPC17xx.h(251): warning: anonymous unions are a C11 extension [-Wc11-extensions]
  union {
  ^
C:/Users/thebl/AppData/Local/Arm/Packs/Keil/LPC1700_DFP/2.7.2/Device/Include\LPC17xx.h(339): warning: anonymous unions are a C11 extension [-Wc11-extensions]
  union {
  ^
C:/Users/thebl/AppData/Local/Arm/Packs/Keil/LPC1700_DFP/2.7.2/Device/Include\LPC17xx.h(345): warning: anonymous unions are a C11 extension [-Wc11-extensions]
  union {
  ^
C:/Users/thebl/AppData/Local/Arm/Packs/Keil/LPC1700_DFP/2.7.2/Device/Include\LPC17xx.h(349): warning: anonymous unions are a C11 extension [-Wc11-extensions]
  union {
  ^
C:/Users/thebl/AppData/Local/Arm/Packs/Keil/LPC1700_DFP/2.7.2/Device/Include\LPC17xx.h(371): warning: anonymous unions are a C11 extension [-Wc11-extensions]
  union {
  ^
C:/Users/thebl/AppData/Local/Arm/Packs/Keil/LPC1700_DFP/2.7.2/Device/Include\LPC17xx.h(377): warning: anonymous unions are a C11 extension [-Wc11-extensions]
  union {
  ^
C:/Users/thebl/AppData/Local/Arm/Packs/Keil/LPC1700_DFP/2.7.2/Device/Include\LPC17xx.h(382): warning: anonymous unions are a C11 extension [-Wc11-extensions]
  union {
  ^
C:/Users/thebl/AppData/Local/Arm/Packs/Keil/LPC1700_DFP/2.7.2/Device/Include\LPC17xx.h(833): warning: anonymous unions are a C11 extension [-Wc11-extensions]
  union {
  ^
C:/Users/thebl/AppData/Local/Arm/Packs/Keil/LPC1700_DFP/2.7.2/Device/Include\LPC17xx.h(843): warning: anonymous unions are a C11 extension [-Wc11-extensions]
  union {
  ^
C:/Users/thebl/AppData/Local/Arm/Packs/Keil/LPC1700_DFP/2.7.2/Device/Include\LPC17xx.h(847): warning: anonymous unions are a C11 extension [-Wc11-extensions]
  union {
  ^
C:/Users/thebl/AppData/Local/Arm/Packs/Keil/LPC1700_DFP/2.7.2/Device/Include\LPC17xx.h(1048): warning: // comments are not allowed in this language [-Wcomment]
#endif  // __LPC17xx_H__
        ^
UART.c(2): warning: In file included from...
./UART.h(16): warning: // comments are not allowed in this language [-Wcomment]
#define BUFFER_SIZE                     0x40  // 64 bytes
                                              ^
UART.c(6): warning: no previous extern declaration for non-static variable 'UART_TX_Is_Empty' [-Wmissing-variable-declarations]
char UART_TX_Is_Empty = 1;
     ^
UART.c(6): note: declare 'static' if the variable is not intended to be used outside of this translation unit
char UART_TX_Is_Empty = 1;
^
UART.c(13): warning: // comments are not allowed in this language [-Wcomment]
    // Enable UART0
    ^
UART.c(17): warning: implicit conversion changes signedness: 'int' to 'unsigned int' [-Wsign-conversion]
    LPC_PINCON->PINSEL0 &= ~(0xF << 4); // Clear P0.2, P0.3
                        ~~ ^~~~~~~~~~~
UART.c(21): warning: implicit conversion changes signedness: 'int' to 'unsigned int' [-Wsign-conversion]
    LPC_SC->PCLKSEL0 &= ~(3 << 6);
                     ~~ ^~~~~~~~~
UART.c(47): warning: no previous prototype for function 'UART0_IRQHandler' [-Wmissing-prototypes]
void UART0_IRQHandler(void)
     ^
UART.c(47): note: declare 'static' if the function is not intended to be used outside of this translation unit
void UART0_IRQHandler(void)
^
static 
32 warnings generated.
compiling UART.c...
GLCD.c(7): warning: unused parameter 'x' [-Wunused-parameter]
void GLCD_DisplayString(int x, int y, char* str) {}
                            ^
GLCD.c(7): warning: unused parameter 'y' [-Wunused-parameter]
void GLCD_DisplayString(int x, int y, char* str) {}
                                   ^
GLCD.c(7): warning: unused parameter 'str' [-Wunused-parameter]
void GLCD_DisplayString(int x, int y, char* str) {}
                                            ^
3 warnings generated.
compiling GLCD.c...
C:/Users/thebl/AppData/Local/Arm/Packs/Keil/LPC1700_DFP/2.7.2/RTE_Driver/GPDMA_LPC17xx.c(37): warning: In file included from...
C:/Users/thebl/AppData/Local/Arm/Packs/Keil/LPC1700_DFP/2.7.2/RTE_Driver/GPDMA_LPC17xx.h(30): warning: In file included from...
C:/Users/thebl/AppData/Local/Arm/Packs/Keil/LPC1700_DFP/2.7.2/Device/Include\LPC17xx.h(90): warning: commas at the end of enumerator lists are a C99-specific feature [-Wc99-extensions]
  CANActivity_IRQn              = 34,       /*!< CAN Activity Interrupt                                                   */
                                    ^~
C:/Users/thebl/AppData/Local/Arm/Packs/Keil/LPC1700_DFP/2.7.2/Device/Include\LPC17xx.h(200): warning: anonymous structs are a C11 extension [-Wc11-extensions]
    struct {
    ^
C:/Users/thebl/AppData/Local/Arm/Packs/Keil/LPC1700_DFP/2.7.2/Device/Include\LPC17xx.h(204): warning: anonymous structs are a C11 extension [-Wc11-extensions]
    struct {
    ^
C:/Users/thebl/AppData/Local/Arm/Packs/Keil/LPC1700_DFP/2.7.2/Device/Include\LPC17xx.h(198): warning: anonymous unions are a C11 extension [-Wc11-extensions]
  union {
  ^
C:/Users/thebl/AppData/Local/Arm/Packs/Keil/LPC1700_DFP/2.7.2/Device/Include\LPC17xx.h(214): warning: anonymous structs are a C11 extension [-Wc11-extensions]
    struct {
    ^
C:/Users/thebl/AppData/Local/Arm/Packs/Keil/LPC1700_DFP/2.7.2/Device/Include\LPC17xx.h(218): warning: anonymous structs are a C11 extension [-Wc11-extensions]
    struct {
    ^
C:/Users/thebl/AppData/Local/Arm/Packs/Keil/LPC1700_DFP/2.7.2/Device/Include\LPC17xx.h(212): warning: anonymous unions are a C11 extension [-Wc11-extensions]
  union {
  ^
C:/Users/thebl/AppData/Local/Arm/Packs/Keil/LPC1700_DFP/2.7.2/Device/Include\LPC17xx.h(227): warning: anonymous structs are a C11 extension [-Wc11-extensions]
    struct {
    ^
C:/Users/thebl/AppData/Local/Arm/Packs/Keil/LPC1700_DFP/2.7.2/Device/Include\LPC17xx.h(231): warning: anonymous structs are a C11 extension [-Wc11-extensions]
    struct {
    ^
C:/Users/thebl/AppData/Local/Arm/Packs/Keil/LPC1700_DFP/2.7.2/Device/Include\LPC17xx.h(225): warning: anonymous unions are a C11 extension [-Wc11-extensions]
  union {
  ^
C:/Users/thebl/AppData/Local/Arm/Packs/Keil/LPC1700_DFP/2.7.2/Device/Include\LPC17xx.h(240): warning: anonymous structs are a C11 extension [-Wc11-extensions]
    struct {
    ^
C:/Users/thebl/AppData/Local/Arm/Packs/Keil/LPC1700_DFP/2.7.2/Device/Include\LPC17xx.h(244): warning: anonymous structs are a C11 extension [-Wc11-extensions]
    struct {
    ^
C:/Users/thebl/AppData/Local/Arm/Packs/Keil/LPC1700_DFP/2.7.2/Device/Include\LPC17xx.h(238): warning: anonymous unions are a C11 extension [-Wc11-extensions]
  union {
  ^
C:/Users/thebl/AppData/Local/Arm/Packs/Keil/LPC1700_DFP/2.7.2/Device/Include\LPC17xx.h(253): warning: anonymous structs are a C11 extension [-Wc11-extensions]
    struct {
    ^
C:/Users/thebl/AppData/Local/Arm/Packs/Keil/LPC1700_DFP/2.7.2/Device/Include\LPC17xx.h(257): warning: anonymous structs are a C11 extension [-Wc11-extensions]
    struct {
    ^
C:/Users/thebl/AppData/Local/Arm/Packs/Keil/LPC1700_DFP/2.7.2/Device/Include\LPC17xx.h(251): warning: anonymous unions are a C11 extension [-Wc11-extensions]
  union {
  ^
C:/Users/thebl/AppData/Local/Arm/Packs/Keil/LPC1700_DFP/2.7.2/Device/Include\LPC17xx.h(339): warning: anonymous unions are a C11 extension [-Wc11-extensions]
  union {
  ^
C:/Users/thebl/AppData/Local/Arm/Packs/Keil/LPC1700_DFP/2.7.2/Device/Include\LPC17xx.h(345): warning: anonymous unions are a C11 extension [-Wc11-extensions]
  union {
  ^
C:/Users/thebl/AppData/Local/Arm/Packs/Keil/LPC1700_DFP/2.7.2/Device/Include\LPC17xx.h(349): warning: anonymous unions are a C11 extension [-Wc11-extensions]
  union {
  ^
C:/Users/thebl/AppData/Local/Arm/Packs/Keil/LPC1700_DFP/2.7.2/Device/Include\LPC17xx.h(371): warning: anonymous unions are a C11 extension [-Wc11-extensions]
  union {
  ^
C:/Users/thebl/AppData/Local/Arm/Packs/Keil/LPC1700_DFP/2.7.2/Device/Include\LPC17xx.h(377): warning: anonymous unions are a C11 extension [-Wc11-extensions]
  union {
  ^
C:/Users/thebl/AppData/Local/Arm/Packs/Keil/LPC1700_DFP/2.7.2/Device/Include\LPC17xx.h(382): warning: anonymous unions are a C11 extension [-Wc11-extensions]
  union {
  ^
C:/Users/thebl/AppData/Local/Arm/Packs/Keil/LPC1700_DFP/2.7.2/Device/Include\LPC17xx.h(833): warning: anonymous unions are a C11 extension [-Wc11-extensions]
  union {
  ^
C:/Users/thebl/AppData/Local/Arm/Packs/Keil/LPC1700_DFP/2.7.2/Device/Include\LPC17xx.h(843): warning: anonymous unions are a C11 extension [-Wc11-extensions]
  union {
  ^
C:/Users/thebl/AppData/Local/Arm/Packs/Keil/LPC1700_DFP/2.7.2/Device/Include\LPC17xx.h(847): warning: anonymous unions are a C11 extension [-Wc11-extensions]
  union {
  ^
C:/Users/thebl/AppData/Local/Arm/Packs/Keil/LPC1700_DFP/2.7.2/Device/Include\LPC17xx.h(1048): warning: // comments are not allowed in this language [-Wcomment]
#endif  // __LPC17xx_H__
        ^
C:/Users/thebl/AppData/Local/Arm/Packs/Keil/LPC1700_DFP/2.7.2/RTE_Driver/GPDMA_LPC17xx.c(37): warning: In file included from...
C:/Users/thebl/AppData/Local/Arm/Packs/Keil/LPC1700_DFP/2.7.2/RTE_Driver/GPDMA_LPC17xx.h(35): warning: // comments are not allowed in this language [-Wcomment]
// Number of GPDMA channels
^
C:/Users/thebl/AppData/Local/Arm/Packs/Keil/LPC1700_DFP/2.7.2/RTE_Driver/GPDMA_LPC17xx.c(45): warning: // comments are not allowed in this language [-Wcomment]
// GPDMA Channel register block structure
^
28 warnings generated.
compiling GPDMA_LPC17xx.c...
C:/Users/thebl/AppData/Local/Arm/Packs/Keil/LPC1700_DFP/2.7.2/RTE_Driver/GPIO_LPC17xx.c(26): warning: In file included from...
C:/Users/thebl/AppData/Local/Arm/Packs/Keil/LPC1700_DFP/2.7.2/RTE_Driver/GPIO_LPC17xx.h(30): warning: In file included from...
C:/Users/thebl/AppData/Local/Arm/Packs/Keil/LPC1700_DFP/2.7.2/Device/Include\LPC17xx.h(90): warning: commas at the end of enumerator lists are a C99-specific feature [-Wc99-extensions]
  CANActivity_IRQn              = 34,       /*!< CAN Activity Interrupt                                                   */
                                    ^~
C:/Users/thebl/AppData/Local/Arm/Packs/Keil/LPC1700_DFP/2.7.2/Device/Include\LPC17xx.h(200): warning: anonymous structs are a C11 extension [-Wc11-extensions]
    struct {
    ^
C:/Users/thebl/AppData/Local/Arm/Packs/Keil/LPC1700_DFP/2.7.2/Device/Include\LPC17xx.h(204): warning: anonymous structs are a C11 extension [-Wc11-extensions]
    struct {
    ^
C:/Users/thebl/AppData/Local/Arm/Packs/Keil/LPC1700_DFP/2.7.2/Device/Include\LPC17xx.h(198): warning: anonymous unions are a C11 extension [-Wc11-extensions]
  union {
  ^
C:/Users/thebl/AppData/Local/Arm/Packs/Keil/LPC1700_DFP/2.7.2/Device/Include\LPC17xx.h(214): warning: anonymous structs are a C11 extension [-Wc11-extensions]
    struct {
    ^
C:/Users/thebl/AppData/Local/Arm/Packs/Keil/LPC1700_DFP/2.7.2/Device/Include\LPC17xx.h(218): warning: anonymous structs are a C11 extension [-Wc11-extensions]
    struct {
    ^
C:/Users/thebl/AppData/Local/Arm/Packs/Keil/LPC1700_DFP/2.7.2/Device/Include\LPC17xx.h(212): warning: anonymous unions are a C11 extension [-Wc11-extensions]
  union {
  ^
C:/Users/thebl/AppData/Local/Arm/Packs/Keil/LPC1700_DFP/2.7.2/Device/Include\LPC17xx.h(227): warning: anonymous structs are a C11 extension [-Wc11-extensions]
    struct {
    ^
C:/Users/thebl/AppData/Local/Arm/Packs/Keil/LPC1700_DFP/2.7.2/Device/Include\LPC17xx.h(231): warning: anonymous structs are a C11 extension [-Wc11-extensions]
    struct {
    ^
C:/Users/thebl/AppData/Local/Arm/Packs/Keil/LPC1700_DFP/2.7.2/Device/Include\LPC17xx.h(225): warning: anonymous unions are a C11 extension [-Wc11-extensions]
  union {
  ^
C:/Users/thebl/AppData/Local/Arm/Packs/Keil/LPC1700_DFP/2.7.2/Device/Include\LPC17xx.h(240): warning: anonymous structs are a C11 extension [-Wc11-extensions]
    struct {
    ^
C:/Users/thebl/AppData/Local/Arm/Packs/Keil/LPC1700_DFP/2.7.2/Device/Include\LPC17xx.h(244): warning: anonymous structs are a C11 extension [-Wc11-extensions]
    struct {
    ^
C:/Users/thebl/AppData/Local/Arm/Packs/Keil/LPC1700_DFP/2.7.2/Device/Include\LPC17xx.h(238): warning: anonymous unions are a C11 extension [-Wc11-extensions]
  union {
  ^
C:/Users/thebl/AppData/Local/Arm/Packs/Keil/LPC1700_DFP/2.7.2/Device/Include\LPC17xx.h(253): warning: anonymous structs are a C11 extension [-Wc11-extensions]
    struct {
    ^
C:/Users/thebl/AppData/Local/Arm/Packs/Keil/LPC1700_DFP/2.7.2/Device/Include\LPC17xx.h(257): warning: anonymous structs are a C11 extension [-Wc11-extensions]
    struct {
    ^
C:/Users/thebl/AppData/Local/Arm/Packs/Keil/LPC1700_DFP/2.7.2/Device/Include\LPC17xx.h(251): warning: anonymous unions are a C11 extension [-Wc11-extensions]
  union {
  ^
C:/Users/thebl/AppData/Local/Arm/Packs/Keil/LPC1700_DFP/2.7.2/Device/Include\LPC17xx.h(339): warning: anonymous unions are a C11 extension [-Wc11-extensions]
  union {
  ^
C:/Users/thebl/AppData/Local/Arm/Packs/Keil/LPC1700_DFP/2.7.2/Device/Include\LPC17xx.h(345): warning: anonymous unions are a C11 extension [-Wc11-extensions]
  union {
  ^
C:/Users/thebl/AppData/Local/Arm/Packs/Keil/LPC1700_DFP/2.7.2/Device/Include\LPC17xx.h(349): warning: anonymous unions are a C11 extension [-Wc11-extensions]
  union {
  ^
C:/Users/thebl/AppData/Local/Arm/Packs/Keil/LPC1700_DFP/2.7.2/Device/Include\LPC17xx.h(371): warning: anonymous unions are a C11 extension [-Wc11-extensions]
  union {
  ^
C:/Users/thebl/AppData/Local/Arm/Packs/Keil/LPC1700_DFP/2.7.2/Device/Include\LPC17xx.h(377): warning: anonymous unions are a C11 extension [-Wc11-extensions]
  union {
  ^
C:/Users/thebl/AppData/Local/Arm/Packs/Keil/LPC1700_DFP/2.7.2/Device/Include\LPC17xx.h(382): warning: anonymous unions are a C11 extension [-Wc11-extensions]
  union {
  ^
C:/Users/thebl/AppData/Local/Arm/Packs/Keil/LPC1700_DFP/2.7.2/Device/Include\LPC17xx.h(833): warning: anonymous unions are a C11 extension [-Wc11-extensions]
  union {
  ^
C:/Users/thebl/AppData/Local/Arm/Packs/Keil/LPC1700_DFP/2.7.2/Device/Include\LPC17xx.h(843): warning: anonymous unions are a C11 extension [-Wc11-extensions]
  union {
  ^
C:/Users/thebl/AppData/Local/Arm/Packs/Keil/LPC1700_DFP/2.7.2/Device/Include\LPC17xx.h(847): warning: anonymous unions are a C11 extension [-Wc11-extensions]
  union {
  ^
C:/Users/thebl/AppData/Local/Arm/Packs/Keil/LPC1700_DFP/2.7.2/Device/Include\LPC17xx.h(1048): warning: // comments are not allowed in this language [-Wcomment]
#endif  // __LPC17xx_H__
        ^
C:/Users/thebl/AppData/Local/Arm/Packs/Keil/LPC1700_DFP/2.7.2/RTE_Driver/GPIO_LPC17xx.c(26): warning: In file included from...
C:/Users/thebl/AppData/Local/Arm/Packs/Keil/LPC1700_DFP/2.7.2/RTE_Driver/GPIO_LPC17xx.h(35): warning: // comments are not allowed in this language [-Wcomment]
// GPIO identifier
^
27 warnings generated.
compiling GPIO_LPC17xx.c...
RTE/Device/LPC1768/system_LPC17xx.c(36): warning: In file included from...
C:/Users/thebl/AppData/Local/Arm/Packs/Keil/LPC1700_DFP/2.7.2/Device/Include\LPC17xx.h(90): warning: commas at the end of enumerator lists are a C99-specific feature [-Wc99-extensions]
  CANActivity_IRQn              = 34,       /*!< CAN Activity Interrupt                                                   */
                                    ^~
C:/Users/thebl/AppData/Local/Arm/Packs/Keil/LPC1700_DFP/2.7.2/Device/Include\LPC17xx.h(200): warning: anonymous structs are a C11 extension [-Wc11-extensions]
    struct {
    ^
C:/Users/thebl/AppData/Local/Arm/Packs/Keil/LPC1700_DFP/2.7.2/Device/Include\LPC17xx.h(204): warning: anonymous structs are a C11 extension [-Wc11-extensions]
    struct {
    ^
C:/Users/thebl/AppData/Local/Arm/Packs/Keil/LPC1700_DFP/2.7.2/Device/Include\LPC17xx.h(198): warning: anonymous unions are a C11 extension [-Wc11-extensions]
  union {
  ^
C:/Users/thebl/AppData/Local/Arm/Packs/Keil/LPC1700_DFP/2.7.2/Device/Include\LPC17xx.h(214): warning: anonymous structs are a C11 extension [-Wc11-extensions]
    struct {
    ^
C:/Users/thebl/AppData/Local/Arm/Packs/Keil/LPC1700_DFP/2.7.2/Device/Include\LPC17xx.h(218): warning: anonymous structs are a C11 extension [-Wc11-extensions]
    struct {
    ^
C:/Users/thebl/AppData/Local/Arm/Packs/Keil/LPC1700_DFP/2.7.2/Device/Include\LPC17xx.h(212): warning: anonymous unions are a C11 extension [-Wc11-extensions]
  union {
  ^
C:/Users/thebl/AppData/Local/Arm/Packs/Keil/LPC1700_DFP/2.7.2/Device/Include\LPC17xx.h(227): warning: anonymous structs are a C11 extension [-Wc11-extensions]
    struct {
    ^
C:/Users/thebl/AppData/Local/Arm/Packs/Keil/LPC1700_DFP/2.7.2/Device/Include\LPC17xx.h(231): warning: anonymous structs are a C11 extension [-Wc11-extensions]
    struct {
    ^
C:/Users/thebl/AppData/Local/Arm/Packs/Keil/LPC1700_DFP/2.7.2/Device/Include\LPC17xx.h(225): warning: anonymous unions are a C11 extension [-Wc11-extensions]
  union {
  ^
C:/Users/thebl/AppData/Local/Arm/Packs/Keil/LPC1700_DFP/2.7.2/Device/Include\LPC17xx.h(240): warning: anonymous structs are a C11 extension [-Wc11-extensions]
    struct {
    ^
C:/Users/thebl/AppData/Local/Arm/Packs/Keil/LPC1700_DFP/2.7.2/Device/Include\LPC17xx.h(244): warning: anonymous structs are a C11 extension [-Wc11-extensions]
    struct {
    ^
C:/Users/thebl/AppData/Local/Arm/Packs/Keil/LPC1700_DFP/2.7.2/Device/Include\LPC17xx.h(238): warning: anonymous unions are a C11 extension [-Wc11-extensions]
  union {
  ^
C:/Users/thebl/AppData/Local/Arm/Packs/Keil/LPC1700_DFP/2.7.2/Device/Include\LPC17xx.h(253): warning: anonymous structs are a C11 extension [-Wc11-extensions]
    struct {
    ^
C:/Users/thebl/AppData/Local/Arm/Packs/Keil/LPC1700_DFP/2.7.2/Device/Include\LPC17xx.h(257): warning: anonymous structs are a C11 extension [-Wc11-extensions]
    struct {
    ^
C:/Users/thebl/AppData/Local/Arm/Packs/Keil/LPC1700_DFP/2.7.2/Device/Include\LPC17xx.h(251): warning: anonymous unions are a C11 extension [-Wc11-extensions]
  union {
  ^
C:/Users/thebl/AppData/Local/Arm/Packs/Keil/LPC1700_DFP/2.7.2/Device/Include\LPC17xx.h(339): warning: anonymous unions are a C11 extension [-Wc11-extensions]
  union {
  ^
C:/Users/thebl/AppData/Local/Arm/Packs/Keil/LPC1700_DFP/2.7.2/Device/Include\LPC17xx.h(345): warning: anonymous unions are a C11 extension [-Wc11-extensions]
  union {
  ^
C:/Users/thebl/AppData/Local/Arm/Packs/Keil/LPC1700_DFP/2.7.2/Device/Include\LPC17xx.h(349): warning: anonymous unions are a C11 extension [-Wc11-extensions]
  union {
  ^
C:/Users/thebl/AppData/Local/Arm/Packs/Keil/LPC1700_DFP/2.7.2/Device/Include\LPC17xx.h(371): warning: anonymous unions are a C11 extension [-Wc11-extensions]
  union {
  ^
C:/Users/thebl/AppData/Local/Arm/Packs/Keil/LPC1700_DFP/2.7.2/Device/Include\LPC17xx.h(377): warning: anonymous unions are a C11 extension [-Wc11-extensions]
  union {
  ^
C:/Users/thebl/AppData/Local/Arm/Packs/Keil/LPC1700_DFP/2.7.2/Device/Include\LPC17xx.h(382): warning: anonymous unions are a C11 extension [-Wc11-extensions]
  union {
  ^
C:/Users/thebl/AppData/Local/Arm/Packs/Keil/LPC1700_DFP/2.7.2/Device/Include\LPC17xx.h(833): warning: anonymous unions are a C11 extension [-Wc11-extensions]
  union {
  ^
C:/Users/thebl/AppData/Local/Arm/Packs/Keil/LPC1700_DFP/2.7.2/Device/Include\LPC17xx.h(843): warning: anonymous unions are a C11 extension [-Wc11-extensions]
  union {
  ^
C:/Users/thebl/AppData/Local/Arm/Packs/Keil/LPC1700_DFP/2.7.2/Device/Include\LPC17xx.h(847): warning: anonymous unions are a C11 extension [-Wc11-extensions]
  union {
  ^
C:/Users/thebl/AppData/Local/Arm/Packs/Keil/LPC1700_DFP/2.7.2/Device/Include\LPC17xx.h(1048): warning: // comments are not allowed in this language [-Wcomment]
#endif  // __LPC17xx_H__
        ^
RTE/Device/LPC1768/system_LPC17xx.c(431): warning: 'long long' is an extension when C99 mode is not enabled [-Wlong-long]
uint32_t SystemCoreClock = __CORE_CLK;
                           ^
RTE/Device/LPC1768/system_LPC17xx.c(410): note: expanded from macro '__CORE_CLK'
        #define __CORE_CLK (__FCCO(OSC_CLK) / __CCLK_DIV)
                            ^
RTE/Device/LPC1768/system_LPC17xx.c(404): note: expanded from macro '__FCCO'
#define __FCCO(__F_IN)    ((2ULL * __M * __F_IN) / __N)
                            ^
RTE/Device/LPC1768/system_LPC17xx.c(445): warning: 'long long' is an extension when C99 mode is not enabled [-Wlong-long]
                          ((2ULL * ((LPC_SC->PLL0STAT & 0x7FFF) + 1)))  /
                            ^
RTE/Device/LPC1768/system_LPC17xx.c(451): warning: 'long long' is an extension when C99 mode is not enabled [-Wlong-long]
                          ((2ULL * ((LPC_SC->PLL0STAT & 0x7FFF) + 1)))  /
                            ^
RTE/Device/LPC1768/system_LPC17xx.c(457): warning: 'long long' is an extension when C99 mode is not enabled [-Wlong-long]
                          ((2ULL * ((LPC_SC->PLL0STAT & 0x7FFF) + 1)))  /
                            ^
30 warnings generated.
compiling system_LPC17xx.c...
C:/Users/thebl/AppData/Local/Arm/Packs/Keil/LPC1700_DFP/2.7.2/RTE_Driver/PIN_LPC17xx.c(26): warning: In file included from...
C:/Users/thebl/AppData/Local/Arm/Packs/Keil/LPC1700_DFP/2.7.2/Device/Include\LPC17xx.h(90): warning: commas at the end of enumerator lists are a C99-specific feature [-Wc99-extensions]
  CANActivity_IRQn              = 34,       /*!< CAN Activity Interrupt                                                   */
                                    ^~
C:/Users/thebl/AppData/Local/Arm/Packs/Keil/LPC1700_DFP/2.7.2/Device/Include\LPC17xx.h(200): warning: anonymous structs are a C11 extension [-Wc11-extensions]
    struct {
    ^
C:/Users/thebl/AppData/Local/Arm/Packs/Keil/LPC1700_DFP/2.7.2/Device/Include\LPC17xx.h(204): warning: anonymous structs are a C11 extension [-Wc11-extensions]
    struct {
    ^
C:/Users/thebl/AppData/Local/Arm/Packs/Keil/LPC1700_DFP/2.7.2/Device/Include\LPC17xx.h(198): warning: anonymous unions are a C11 extension [-Wc11-extensions]
  union {
  ^
C:/Users/thebl/AppData/Local/Arm/Packs/Keil/LPC1700_DFP/2.7.2/Device/Include\LPC17xx.h(214): warning: anonymous structs are a C11 extension [-Wc11-extensions]
    struct {
    ^
C:/Users/thebl/AppData/Local/Arm/Packs/Keil/LPC1700_DFP/2.7.2/Device/Include\LPC17xx.h(218): warning: anonymous structs are a C11 extension [-Wc11-extensions]
    struct {
    ^
C:/Users/thebl/AppData/Local/Arm/Packs/Keil/LPC1700_DFP/2.7.2/Device/Include\LPC17xx.h(212): warning: anonymous unions are a C11 extension [-Wc11-extensions]
  union {
  ^
C:/Users/thebl/AppData/Local/Arm/Packs/Keil/LPC1700_DFP/2.7.2/Device/Include\LPC17xx.h(227): warning: anonymous structs are a C11 extension [-Wc11-extensions]
    struct {
    ^
C:/Users/thebl/AppData/Local/Arm/Packs/Keil/LPC1700_DFP/2.7.2/Device/Include\LPC17xx.h(231): warning: anonymous structs are a C11 extension [-Wc11-extensions]
    struct {
    ^
C:/Users/thebl/AppData/Local/Arm/Packs/Keil/LPC1700_DFP/2.7.2/Device/Include\LPC17xx.h(225): warning: anonymous unions are a C11 extension [-Wc11-extensions]
  union {
  ^
C:/Users/thebl/AppData/Local/Arm/Packs/Keil/LPC1700_DFP/2.7.2/Device/Include\LPC17xx.h(240): warning: anonymous structs are a C11 extension [-Wc11-extensions]
    struct {
    ^
C:/Users/thebl/AppData/Local/Arm/Packs/Keil/LPC1700_DFP/2.7.2/Device/Include\LPC17xx.h(244): warning: anonymous structs are a C11 extension [-Wc11-extensions]
    struct {
    ^
C:/Users/thebl/AppData/Local/Arm/Packs/Keil/LPC1700_DFP/2.7.2/Device/Include\LPC17xx.h(238): warning: anonymous unions are a C11 extension [-Wc11-extensions]
  union {
  ^
C:/Users/thebl/AppData/Local/Arm/Packs/Keil/LPC1700_DFP/2.7.2/Device/Include\LPC17xx.h(253): warning: anonymous structs are a C11 extension [-Wc11-extensions]
    struct {
    ^
C:/Users/thebl/AppData/Local/Arm/Packs/Keil/LPC1700_DFP/2.7.2/Device/Include\LPC17xx.h(257): warning: anonymous structs are a C11 extension [-Wc11-extensions]
    struct {
    ^
C:/Users/thebl/AppData/Local/Arm/Packs/Keil/LPC1700_DFP/2.7.2/Device/Include\LPC17xx.h(251): warning: anonymous unions are a C11 extension [-Wc11-extensions]
  union {
  ^
C:/Users/thebl/AppData/Local/Arm/Packs/Keil/LPC1700_DFP/2.7.2/Device/Include\LPC17xx.h(339): warning: anonymous unions are a C11 extension [-Wc11-extensions]
  union {
  ^
C:/Users/thebl/AppData/Local/Arm/Packs/Keil/LPC1700_DFP/2.7.2/Device/Include\LPC17xx.h(345): warning: anonymous unions are a C11 extension [-Wc11-extensions]
  union {
  ^
C:/Users/thebl/AppData/Local/Arm/Packs/Keil/LPC1700_DFP/2.7.2/Device/Include\LPC17xx.h(349): warning: anonymous unions are a C11 extension [-Wc11-extensions]
  union {
  ^
C:/Users/thebl/AppData/Local/Arm/Packs/Keil/LPC1700_DFP/2.7.2/Device/Include\LPC17xx.h(371): warning: anonymous unions are a C11 extension [-Wc11-extensions]
  union {
  ^
C:/Users/thebl/AppData/Local/Arm/Packs/Keil/LPC1700_DFP/2.7.2/Device/Include\LPC17xx.h(377): warning: anonymous unions are a C11 extension [-Wc11-extensions]
  union {
  ^
C:/Users/thebl/AppData/Local/Arm/Packs/Keil/LPC1700_DFP/2.7.2/Device/Include\LPC17xx.h(382): warning: anonymous unions are a C11 extension [-Wc11-extensions]
  union {
  ^
C:/Users/thebl/AppData/Local/Arm/Packs/Keil/LPC1700_DFP/2.7.2/Device/Include\LPC17xx.h(833): warning: anonymous unions are a C11 extension [-Wc11-extensions]
  union {
  ^
C:/Users/thebl/AppData/Local/Arm/Packs/Keil/LPC1700_DFP/2.7.2/Device/Include\LPC17xx.h(843): warning: anonymous unions are a C11 extension [-Wc11-extensions]
  union {
  ^
C:/Users/thebl/AppData/Local/Arm/Packs/Keil/LPC1700_DFP/2.7.2/Device/Include\LPC17xx.h(847): warning: anonymous unions are a C11 extension [-Wc11-extensions]
  union {
  ^
C:/Users/thebl/AppData/Local/Arm/Packs/Keil/LPC1700_DFP/2.7.2/Device/Include\LPC17xx.h(1048): warning: // comments are not allowed in this language [-Wcomment]
#endif  // __LPC17xx_H__
        ^
C:/Users/thebl/AppData/Local/Arm/Packs/Keil/LPC1700_DFP/2.7.2/RTE_Driver/PIN_LPC17xx.c(27): warning: In file included from...
C:/Users/thebl/AppData/Local/Arm/Packs/Keil/LPC1700_DFP/2.7.2/RTE_Driver/PIN_LPC17xx.h(32): warning: // comments are not allowed in this language [-Wcomment]
// Pin Configuration
^
C:/Users/thebl/AppData/Local/Arm/Packs/Keil/LPC1700_DFP/2.7.2/RTE_Driver/PIN_LPC17xx.h(90): warning: '_Bool' is a C99 extension [-Wc99-extensions]
extern int32_t PIN_ConfigureTPIU (bool enable);
                                  ^
C:\Keil_v5\ARM\ARMCLANG\Bin\..\include\stdbool.h(15): note: expanded from macro 'bool'
    #define bool _Bool
                 ^
C:/Users/thebl/AppData/Local/Arm/Packs/Keil/LPC1700_DFP/2.7.2/RTE_Driver/PIN_LPC17xx.c(27): warning: In file included from...
C:/Users/thebl/AppData/Local/Arm/Packs/Keil/LPC1700_DFP/2.7.2/RTE_Driver/PIN_LPC17xx.h(106): warning: '_Bool' is a C99 extension [-Wc99-extensions]
extern int32_t PIN_ConfigureI2C0Pins (uint8_t i2cPinMode, bool enableFilterSlewRate);
                                                          ^
C:\Keil_v5\ARM\ARMCLANG\Bin\..\include\stdbool.h(15): note: expanded from macro 'bool'
    #define bool _Bool
                 ^
C:/Users/thebl/AppData/Local/Arm/Packs/Keil/LPC1700_DFP/2.7.2/RTE_Driver/PIN_LPC17xx.c(33): warning: // comments are not allowed in this language [-Wcomment]
// I2C Pin Configuration register bit description
^
C:/Users/thebl/AppData/Local/Arm/Packs/Keil/LPC1700_DFP/2.7.2/RTE_Driver/PIN_LPC17xx.c(87): warning: '_Bool' is a C99 extension [-Wc99-extensions]
int32_t PIN_ConfigureTPIU (bool enable)
                           ^
C:\Keil_v5\ARM\ARMCLANG\Bin\..\include\stdbool.h(15): note: expanded from macro 'bool'
    #define bool _Bool
                 ^
C:/Users/thebl/AppData/Local/Arm/Packs/Keil/LPC1700_DFP/2.7.2/RTE_Driver/PIN_LPC17xx.c(111): warning: '_Bool' is a C99 extension [-Wc99-extensions]
int32_t PIN_ConfigureI2C0Pins (uint8_t i2cPinMode, bool enableFilterSlewRate)
                                                   ^
C:\Keil_v5\ARM\ARMCLANG\Bin\..\include\stdbool.h(15): note: expanded from macro 'bool'
    #define bool _Bool
                 ^
32 warnings generated.
compiling PIN_LPC17xx.c...
main.c(1): warning: In file included from...
./GPIO.h(8): warning: // comments are not allowed in this language [-Wcomment]
#endif // GPIO_H
       ^
main.c(4): warning: In file included from...
./UART.h(16): warning: // comments are not allowed in this language [-Wcomment]
#define BUFFER_SIZE                     0x40  // 64 bytes
                                              ^
main.c(5): warning: // comments are not allowed in this language [-Wcomment]
#include <string.h> // Needed for strlen()
                    ^
main.c(6): warning: In file included from...
C:/Users/thebl/AppData/Local/Arm/Packs/Keil/LPC1700_DFP/2.7.2/Device/Include\LPC17xx.h(90): warning: commas at the end of enumerator lists are a C99-specific feature [-Wc99-extensions]
  CANActivity_IRQn              = 34,       /*!< CAN Activity Interrupt                                                   */
                                    ^~
C:/Users/thebl/AppData/Local/Arm/Packs/Keil/LPC1700_DFP/2.7.2/Device/Include\LPC17xx.h(200): warning: anonymous structs are a C11 extension [-Wc11-extensions]
    struct {
    ^
C:/Users/thebl/AppData/Local/Arm/Packs/Keil/LPC1700_DFP/2.7.2/Device/Include\LPC17xx.h(204): warning: anonymous structs are a C11 extension [-Wc11-extensions]
    struct {
    ^
C:/Users/thebl/AppData/Local/Arm/Packs/Keil/LPC1700_DFP/2.7.2/Device/Include\LPC17xx.h(198): warning: anonymous unions are a C11 extension [-Wc11-extensions]
  union {
  ^
C:/Users/thebl/AppData/Local/Arm/Packs/Keil/LPC1700_DFP/2.7.2/Device/Include\LPC17xx.h(214): warning: anonymous structs are a C11 extension [-Wc11-extensions]
    struct {
    ^
C:/Users/thebl/AppData/Local/Arm/Packs/Keil/LPC1700_DFP/2.7.2/Device/Include\LPC17xx.h(218): warning: anonymous structs are a C11 extension [-Wc11-extensions]
    struct {
    ^
C:/Users/thebl/AppData/Local/Arm/Packs/Keil/LPC1700_DFP/2.7.2/Device/Include\LPC17xx.h(212): warning: anonymous unions are a C11 extension [-Wc11-extensions]
  union {
  ^
C:/Users/thebl/AppData/Local/Arm/Packs/Keil/LPC1700_DFP/2.7.2/Device/Include\LPC17xx.h(227): warning: anonymous structs are a C11 extension [-Wc11-extensions]
    struct {
    ^
C:/Users/thebl/AppData/Local/Arm/Packs/Keil/LPC1700_DFP/2.7.2/Device/Include\LPC17xx.h(231): warning: anonymous structs are a C11 extension [-Wc11-extensions]
    struct {
    ^
C:/Users/thebl/AppData/Local/Arm/Packs/Keil/LPC1700_DFP/2.7.2/Device/Include\LPC17xx.h(225): warning: anonymous unions are a C11 extension [-Wc11-extensions]
  union {
  ^
C:/Users/thebl/AppData/Local/Arm/Packs/Keil/LPC1700_DFP/2.7.2/Device/Include\LPC17xx.h(240): warning: anonymous structs are a C11 extension [-Wc11-extensions]
    struct {
    ^
C:/Users/thebl/AppData/Local/Arm/Packs/Keil/LPC1700_DFP/2.7.2/Device/Include\LPC17xx.h(244): warning: anonymous structs are a C11 extension [-Wc11-extensions]
    struct {
    ^
C:/Users/thebl/AppData/Local/Arm/Packs/Keil/LPC1700_DFP/2.7.2/Device/Include\LPC17xx.h(238): warning: anonymous unions are a C11 extension [-Wc11-extensions]
  union {
  ^
C:/Users/thebl/AppData/Local/Arm/Packs/Keil/LPC1700_DFP/2.7.2/Device/Include\LPC17xx.h(253): warning: anonymous structs are a C11 extension [-Wc11-extensions]
    struct {
    ^
C:/Users/thebl/AppData/Local/Arm/Packs/Keil/LPC1700_DFP/2.7.2/Device/Include\LPC17xx.h(257): warning: anonymous structs are a C11 extension [-Wc11-extensions]
    struct {
    ^
C:/Users/thebl/AppData/Local/Arm/Packs/Keil/LPC1700_DFP/2.7.2/Device/Include\LPC17xx.h(251): warning: anonymous unions are a C11 extension [-Wc11-extensions]
  union {
  ^
C:/Users/thebl/AppData/Local/Arm/Packs/Keil/LPC1700_DFP/2.7.2/Device/Include\LPC17xx.h(339): warning: anonymous unions are a C11 extension [-Wc11-extensions]
  union {
  ^
C:/Users/thebl/AppData/Local/Arm/Packs/Keil/LPC1700_DFP/2.7.2/Device/Include\LPC17xx.h(345): warning: anonymous unions are a C11 extension [-Wc11-extensions]
  union {
  ^
C:/Users/thebl/AppData/Local/Arm/Packs/Keil/LPC1700_DFP/2.7.2/Device/Include\LPC17xx.h(349): warning: anonymous unions are a C11 extension [-Wc11-extensions]
  union {
  ^
C:/Users/thebl/AppData/Local/Arm/Packs/Keil/LPC1700_DFP/2.7.2/Device/Include\LPC17xx.h(371): warning: anonymous unions are a C11 extension [-Wc11-extensions]
  union {
  ^
C:/Users/thebl/AppData/Local/Arm/Packs/Keil/LPC1700_DFP/2.7.2/Device/Include\LPC17xx.h(377): warning: anonymous unions are a C11 extension [-Wc11-extensions]
  union {
  ^
C:/Users/thebl/AppData/Local/Arm/Packs/Keil/LPC1700_DFP/2.7.2/Device/Include\LPC17xx.h(382): warning: anonymous unions are a C11 extension [-Wc11-extensions]
  union {
  ^
C:/Users/thebl/AppData/Local/Arm/Packs/Keil/LPC1700_DFP/2.7.2/Device/Include\LPC17xx.h(833): warning: anonymous unions are a C11 extension [-Wc11-extensions]
  union {
  ^
C:/Users/thebl/AppData/Local/Arm/Packs/Keil/LPC1700_DFP/2.7.2/Device/Include\LPC17xx.h(843): warning: anonymous unions are a C11 extension [-Wc11-extensions]
  union {
  ^
C:/Users/thebl/AppData/Local/Arm/Packs/Keil/LPC1700_DFP/2.7.2/Device/Include\LPC17xx.h(847): warning: anonymous unions are a C11 extension [-Wc11-extensions]
  union {
  ^
C:/Users/thebl/AppData/Local/Arm/Packs/Keil/LPC1700_DFP/2.7.2/Device/Include\LPC17xx.h(1048): warning: // comments are not allowed in this language [-Wcomment]
#endif  // __LPC17xx_H__
        ^
main.c(12): warning: no previous prototype for function 'LED_Toggle' [-Wmissing-prototypes]
void LED_Toggle(uint32_t port, uint32_t pin) {
     ^
main.c(12): note: declare 'static' if the function is not intended to be used outside of this translation unit
void LED_Toggle(uint32_t port, uint32_t pin) {
^
static 
main.c(29): warning: no previous prototype for function 'LED_Control' [-Wmissing-prototypes]
void LED_Control(char command) {
     ^
main.c(29): note: declare 'static' if the function is not intended to be used outside of this translation unit
void LED_Control(char command) {
^
static 
main.c(74): warning: mixing declarations and code is a C99 extension [-Wdeclaration-after-statement]
        int joystickStatus = GPIO_ReadJoystick(); // Read joystick status
            ^
32 warnings generated.
compiling main.c...
assembling startup_LPC17xx.s...
linking...
Program Size: Code=9068 RO-data=888 RW-data=8 ZI-data=840  
".\Objects\Ex4.axf" - 0 Error(s), 243 Warning(s).

<h2>Software Packages used:</h2>

Package Vendor: ARM
                http://www.keil.com/pack/ARM.CMSIS.5.9.0.pack
                ARM.CMSIS.5.9.0
                CMSIS (Common Microcontroller Software Interface Standard)
   * Component: CORE Version: 5.6.0

Package Vendor: Keil
                https://www.keil.com/pack/Keil.LPC1700_DFP.2.7.2.pack
                Keil.LPC1700_DFP.2.7.2
                NXP LPC1700 Series Device Support, Drivers and Examples for MCB1700 and LPC1788-32
   * Component: GPDMA Version: 1.4.0
   * Component: GPIO Version: 1.1.0
   * Component: PIN Version: 1.0.0
   * Component: Startup Version: 1.0.0

<h2>Collection of Component include folders:</h2>
  ./RTE/Device/LPC1768
  ./RTE/_Target_1
  C:/Users/thebl/AppData/Local/Arm/Packs/ARM/CMSIS/5.9.0/CMSIS/Core/Include
  C:/Users/thebl/AppData/Local/Arm/Packs/Keil/LPC1700_DFP/2.7.2/Device/Include
  C:/Users/thebl/AppData/Local/Arm/Packs/Keil/LPC1700_DFP/2.7.2/RTE_Driver

<h2>Collection of Component Files used:</h2>

   * Component: ARM::CMSIS:CORE:5.6.0

   * Component: Keil::Device:GPDMA:1.4.0
      Include file:  RTE_Driver/GPDMA_LPC17xx.h
      Source file:   RTE_Driver/GPDMA_LPC17xx.c

   * Component: Keil::Device:GPIO:1.1.0
      Include file:  RTE_Driver/GPIO_LPC17xx.h
      Source file:   RTE_Driver/GPIO_LPC17xx.c

   * Component: Keil::Device:PIN:1.0.0
      Include file:  RTE_Driver/PIN_LPC17xx.h
      Source file:   RTE_Driver/PIN_LPC17xx.c

   * Component: Keil::Device:Startup:1.0.0
      Source file:   Device/Source/ARM/startup_LPC17xx.s
      Include file:  Device/Include/LPC17xx.h
      Include file:  RTE_Driver/Config/RTE_Device.h
      Source file:   Device/Source/system_LPC17xx.c
Build Time Elapsed:  00:00:03
</pre>
</body>
</html>
